jonesgc@Typhon:~$
jonesgc@Typhon:~$
jonesgc@Typhon:~$
jonesgc@Typhon:~$ ls
bin  Desktop  Documents  Downloads  Music  Pictures  Public  snap  Templates  Videos
jonesgc@Typhon:~$
jonesgc@Typhon:~$
jonesgc@Typhon:~$
jonesgc@Typhon:~$ cd tmp
-bash: cd: tmp: No such file or directory
jonesgc@Typhon:~$
jonesgc@Typhon:~$ cd /tmp/
jonesgc@Typhon:/tmp$
jonesgc@Typhon:/tmp$ ls
2H0N04m7  fT7TpyeI    pLw5HZL8                        systemd-private-402c133cd7374ff8809b1a8a78e7acd8-blu
2vgM8RQk  j6Q2LHNQ    PNEzp9fl                        systemd-private-402c133cd7374ff8809b1a8a78e7acd8-col
35xqmR3E  jfxYBMN8    pulse-PKdhtXMmr18n              systemd-private-402c133cd7374ff8809b1a8a78e7acd8-geo
56tJK3sK  K8WPgRDY    qRRxzebX                        systemd-private-402c133cd7374ff8809b1a8a78e7acd8-Mod
8WxxwwRT  kDQWV6Bb    snap.chromium                   systemd-private-402c133cd7374ff8809b1a8a78e7acd8-pow
9cIV3GaA  kDSiGH3x    snap.discord                    systemd-private-402c133cd7374ff8809b1a8a78e7acd8-swi
a6QJpDuk  M7jEou2u    snap.firefox                    systemd-private-402c133cd7374ff8809b1a8a78e7acd8-sys
AJWSajQG  N87Qmqfc    snap.gimp                       systemd-private-402c133cd7374ff8809b1a8a78e7acd8-sys
C5DL5UD6  Nq8o5chw    snap.snapd-desktop-integration  systemd-private-402c133cd7374ff8809b1a8a78e7acd8-sys
cDzavfQb  nvimwPkzUp  snap.snap-store                 systemd-private-402c133cd7374ff8809b1a8a78e7acd8-sys
DvybGZFE  NZFaMDw8    sY9p7gV9                        systemd-private-402c133cd7374ff8809b1a8a78e7acd8-ubu
jonesgc@Typhon:/tmp$ mkdir test
jonesgc@Typhon:/tmp$ ls
2H0N04m7  fT7TpyeI    pLw5HZL8                        systemd-private-402c133cd7374ff8809b1a8a78e7acd8-blu
2vgM8RQk  j6Q2LHNQ    PNEzp9fl                        systemd-private-402c133cd7374ff8809b1a8a78e7acd8-col
35xqmR3E  jfxYBMN8    pulse-PKdhtXMmr18n              systemd-private-402c133cd7374ff8809b1a8a78e7acd8-geo
56tJK3sK  K8WPgRDY    qRRxzebX                        systemd-private-402c133cd7374ff8809b1a8a78e7acd8-Mod
8WxxwwRT  kDQWV6Bb    snap.chromium                   systemd-private-402c133cd7374ff8809b1a8a78e7acd8-pow
9cIV3GaA  kDSiGH3x    snap.discord                    systemd-private-402c133cd7374ff8809b1a8a78e7acd8-swi
a6QJpDuk  M7jEou2u    snap.firefox                    systemd-private-402c133cd7374ff8809b1a8a78e7acd8-sys
AJWSajQG  N87Qmqfc    snap.gimp                       systemd-private-402c133cd7374ff8809b1a8a78e7acd8-sys
C5DL5UD6  Nq8o5chw    snap.snapd-desktop-integration  systemd-private-402c133cd7374ff8809b1a8a78e7acd8-sys
cDzavfQb  nvimwPkzUp  snap.snap-store                 systemd-private-402c133cd7374ff8809b1a8a78e7acd8-sys
DvybGZFE  NZFaMDw8    sY9p7gV9                        systemd-private-402c133cd7374ff8809b1a8a78e7acd8-ubu
jonesgc@Typhon:/tmp$ ls | grep test
test
jonesgc@Typhon:/tmp$ pwd
/tmp
jonesgc@Typhon:/tmp$ cd test/
jonesgc@Typhon:/tmp/test$ pwd
/tmp/test
jonesgc@Typhon:/tmp/test$ touch file1
jonesgc@Typhon:/tmp/test$ mv file1 file2
jonesgc@Typhon:/tmp/test$ ls
file2
jonesgc@Typhon:/tmp/test$ cp file2 file3
jonesgc@Typhon:/tmp/test$ ls
file2  file3
jonesgc@Typhon:/tmp/test$ mkdir folder
jonesgc@Typhon:/tmp/test$ rm folder/
rm: cannot remove 'folder/': Is a directory
jonesgc@Typhon:/tmp/test$ rm -r folder
jonesgc@Typhon:/tmp/test$ ls
file2  file3
jonesgc@Typhon:/tmp/test$ cd ..
jonesgc@Typhon:/tmp$
jonesgc@Typhon:/tmp$
jonesgc@Typhon:/tmp$
jonesgc@Typhon:/tmp$ cd test
jonesgc@Typhon:/tmp/test$
jonesgc@Typhon:/tmp/test$
jonesgc@Typhon:/tmp/test$
jonesgc@Typhon:/tmp/test$ mkdir -p testing/find/
jonesgc@Typhon:/tmp/test$ touch testing/find/file2
jonesgc@Typhon:/tmp/test$ find -iname file2
./file2
./testing/find/file2
jonesgc@Typhon:/tmp/test$
jonesgc@Typhon:/tmp/test$
jonesgc@Typhon:/tmp/test$ history
    1  sudo apt update
    2  sudo apt upgrade
    3  sudo apt install timeshift
    4  sudo apt install code
    5  sudo apt install discord
    6  sudo apt install slack
    7  sudo apt install zoom-player
    8  sudo apt update
    9  sudo apt install chromium-browser
   10  chromium-browser
   11  sudo apt remove --purge chromium-browser
   12  sudo apt install chromium-browser
   13  sudo snap install chromium
   14  sudo snap uninstall chromium
   15  sudo snap --help
   16  sudo snap remove chromium
   17  sudo apt remove --purge chromium-browser
   18  echo $PATH
   19  export --help
   20  curl cheat.sh/export
   21  sudo apt install curl
   22  curl cheat.sh/export
   23  chromium
   24  sudo snap remove chromium
   25  ln -s /home/jonesgc/bin/chrome-linux/chrome /home/jonesgc/bin/
   26  ls ~/bin/
   27  echo $PATH
   28  vim ~/.bashrc
   29  nvim ~/.bashrc
   30  echo $PATH
   31  chrome
   32  clear
   33  ls
   34  cd tmp
   35  cd /tmp/
   36  ls
   37  mkdir test
   38  ls
   39  ls | grep test
   40  pwd
   41  cd test/
   42  pwd
   43  touch file1
   44  mv file1 file2
   45  ls
   46  cp file2 file3
   47  ls
   48  mkdir folder
   49  rm folder/
   50  rm -r folder
   51  ls
   52  cd ..
   53  find -iname file2
   54  cd test
   55  mkdir -p testing/find/
   56  touch testing/find/file2
   57  find -iname file2
   58  history
jonesgc@Typhon:/tmp/test$ ls
file2  file3  testing
jonesgc@Typhon:/tmp/test$ cat file2 file3 > file4
jonesgc@Typhon:/tmp/test$ ls
file2  file3  file4  testing
jonesgc@Typhon:/tmp/test$ echo 'Hello world'
Hello world
jonesgc@Typhon:/tmp/test$ echo 'Hello world' > file2
jonesgc@Typhon:/tmp/test$ cat file2
Hello world
jonesgc@Typhon:/tmp/test$
jonesgc@Typhon:/tmp/test$ ls
file2  file3  file4  testing
jonesgc@Typhon:/tmp/test$ ls | grep file2
file2
jonesgc@Typhon:/tmp/test$ cat file4
jonesgc@Typhon:/tmp/test$
jonesgc@Typhon:/tmp/test$ ls -la ../ > file4
jonesgc@Typhon:/tmp/test$ cat file4
total 292
drwxrwxrwt 69 root    root    4096 Mar 28 14:35 .
drwxr-xr-x 21 root    root    4096 Mar 27 01:11 ..
drwxr-x---  2 root    root    4096 Mar 28 07:00 2H0N04m7
drwxr-x---  2 root    root    4096 Mar 28 08:00 2vgM8RQk
drwxr-x---  2 root    root    4096 Mar 27 08:00 35xqmR3E
drwxr-x---  2 root    root    4096 Mar 27 10:00 56tJK3sK
drwxr-x---  2 root    root    4096 Mar 28 11:00 8WxxwwRT
drwxr-x---  2 root    root    4096 Mar 28 02:00 9cIV3GaA
drwxr-x---  2 root    root    4096 Mar 28 10:00 a6QJpDuk
drwxr-x---  2 root    root    4096 Mar 27 23:00 AJWSajQG
drwxr-x---  2 root    root    4096 Mar 27 21:00 C5DL5UD6
drwxr-x---  2 root    root    4096 Mar 27 16:00 cDzavfQb
drwxr-x---  2 root    root    4096 Mar 27 04:00 DvybGZFE
drwxrwxrwt  2 root    root    4096 Mar 27 00:07 .font-unix
drwxr-x---  2 root    root    4096 Mar 28 00:00 fT7TpyeI
drwxrwxrwt  2 root    root    4096 Mar 27 00:21 .ICE-unix
drwxr-x---  2 root    root    4096 Mar 27 15:00 j6Q2LHNQ
drwxr-x---  2 root    root    4096 Mar 28 01:00 jfxYBMN8
drwxr-x---  2 root    root    4096 Mar 27 22:00 K8WPgRDY
drwxr-x---  2 root    root    4096 Mar 27 11:00 kDQWV6Bb
drwxr-x---  2 root    root    4096 Mar 28 12:00 kDSiGH3x
drwxr-x---  2 root    root    4096 Mar 27 19:00 M7jEou2u
drwxr-x---  2 root    root    4096 Mar 27 13:00 N87Qmqfc
drwxr-x---  2 root    root    4096 Mar 27 18:00 Nq8o5chw
drwx------  2 jonesgc jonesgc 4096 Mar 27 00:53 nvimwPkzUp
drwxr-x---  2 root    root    4096 Mar 27 06:00 NZFaMDw8
drwxr-x---  2 root    root    4096 Mar 27 02:00 pLw5HZL8
drwxr-x---  2 root    root    4096 Mar 28 06:00 PNEzp9fl
drwx------  2 root    root    4096 Mar 27 01:09 pulse-PKdhtXMmr18n
drwxr-x---  2 root    root    4096 Mar 27 14:00 qRRxzebX
drwx------  3 root    root    4096 Mar 27 00:27 snap.chromium
drwx------  3 root    root    4096 Mar 27 00:21 snap.discord
drwx------  3 root    root    4096 Mar 27 00:07 snap.firefox
drwx------  3 root    root    4096 Mar 27 00:21 snap.gimp
drwx------  3 root    root    4096 Mar 27 00:08 snap.snapd-desktop-integration
drwx------  3 root    root    4096 Mar 27 00:08 snap.snap-store
drwxr-x---  2 root    root    4096 Mar 27 20:00 sY9p7gV9
drwx------  3 root    root    4096 Mar 27 00:07 systemd-private-402c133cd7374ff8809b1a8a78e7acd8-bluetooth.service-xYbdgh
drwx------  3 root    root    4096 Mar 27 00:08 systemd-private-402c133cd7374ff8809b1a8a78e7acd8-colord.service-duTBDb
drwx------  3 root    root    4096 Mar 27 00:07 systemd-private-402c133cd7374ff8809b1a8a78e7acd8-geoclue.service-IzbY5z
drwx------  3 root    root    4096 Mar 27 00:07 systemd-private-402c133cd7374ff8809b1a8a78e7acd8-ModemManager.service-JU8cjH
drwx------  3 root    root    4096 Mar 27 00:07 systemd-private-402c133cd7374ff8809b1a8a78e7acd8-power-profiles-daemon.service-DIMPwo
drwx------  3 root    root    4096 Mar 27 00:07 systemd-private-402c133cd7374ff8809b1a8a78e7acd8-switcheroo-control.service-rMfOfq
drwx------  3 root    root    4096 Mar 27 00:07 systemd-private-402c133cd7374ff8809b1a8a78e7acd8-systemd-logind.service-eHKA4j
drwx------  3 root    root    4096 Mar 27 00:07 systemd-private-402c133cd7374ff8809b1a8a78e7acd8-systemd-oomd.service-NgOm1o
drwx------  3 root    root    4096 Mar 27 00:07 systemd-private-402c133cd7374ff8809b1a8a78e7acd8-systemd-resolved.service-L9SgHz
drwx------  3 root    root    4096 Mar 27 00:07 systemd-private-402c133cd7374ff8809b1a8a78e7acd8-systemd-timesyncd.service-KeR8OG
drwx------  3 root    root    4096 Mar 27 00:09 systemd-private-402c133cd7374ff8809b1a8a78e7acd8-ubuntu-advantage-desktop-daemon.service-cVUiBK
drwx------  3 root    root    4096 Mar 27 00:07 systemd-private-402c133cd7374ff8809b1a8a78e7acd8-upower.service-a5jO5F
drwxrwxr-x  3 jonesgc jonesgc 4096 Mar 28 14:37 test
drwxrwxrwt  2 root    root    4096 Mar 27 00:07 .Test-unix
drwx------  2 root    root    4096 Mar 27 00:09 tmpoytda90r
drwx------  2 jonesgc jonesgc 4096 Mar 27 01:08 tracker-extract-3-files.1000
drwx------  2 gdm     gdm     4096 Mar 27 00:21 tracker-extract-3-files.127
drwxr-x---  7 root    root    4096 Mar 27 01:27 TYPOceKf
drwxr-x---  2 root    root    4096 Mar 27 12:00 uGAGfOUc
drwxr-x---  2 root    root    4096 Mar 28 09:00 usr0JXl8
drwxr-x---  2 root    root    4096 Mar 27 17:00 utCNGN17
drwxr-x---  2 root    root    4096 Mar 27 09:00 v8TETkWX
drwxr-x---  2 root    root    4096 Mar 28 05:00 vfSZKG5E
drwxr-x---  2 root    root    4096 Mar 27 07:00 VtfAOuSl
drwxr-x---  2 root    root    4096 Mar 28 03:00 WByQYYke
drwxr-x---  2 root    root    4096 Mar 28 04:00 wgwW2f32
-r--r--r--  1 jonesgc jonesgc   11 Mar 27 00:08 .X0-lock
-r--r--r--  1 gdm     gdm       11 Mar 27 00:21 .X1024-lock
-r--r--r--  1 gdm     gdm       11 Mar 27 00:21 .X1025-lock
drwxrwxrwt  2 root    root    4096 Mar 27 00:21 .X11-unix
-r--r--r--  1 jonesgc jonesgc   11 Mar 27 00:08 .X1-lock
drwxr-x---  2 root    root    4096 Mar 27 05:00 xcbyStK6
drwxrwxrwt  2 root    root    4096 Mar 27 00:07 .XIM-unix
drwxr-x---  2 root    root    4096 Mar 28 13:00 YIp9uVpB
drwxr-x---  2 root    root    4096 Mar 27 03:00 yOaW1BsK
drwxr-x---  2 root    root    4096 Mar 28 14:00 ZgZBhG5n
jonesgc@Typhon:/tmp/test$ wc -l file4
74 file4
jonesgc@Typhon:/tmp/test$ wc -w file4
659 file4
jonesgc@Typhon:/tmp/test$ ftp --help
ftp: invalid option -- '-'
usage: ftp [-46AadefginpRtVv] [-N NETRC] [-o OUTPUT] [-P PORT] [-q QUITTIME]
           [-r RETRY] [-s SRCADDR] [-T DIR,MAX[,INC]] [-x XFERSIZE]
           [[USER@]HOST [PORT]]
           [[USER@]HOST:[PATH][/]]
           [file:///PATH]
           [ftp://[USER[:PASSWORD]@]HOST[:PORT]/PATH[/][;type=TYPE]]
           [http://[USER[:PASSWORD]@]HOST[:PORT]/PATH]
           [https://[USER[:PASSWORD]@]HOST[:PORT]/PATH]
           ...
       ftp -u URL FILE ...
       ftp -?
jonesgc@Typhon:/tmp/test$
jonesgc@Typhon:/tmp/test$
jonesgc@Typhon:/tmp/test$
jonesgc@Typhon:/tmp/test$ ftp://jonesgc:password@192.168.1.68:21/path/to/share
-bash: ftp://jonesgc:password@192.168.1.68:21/path/to/share: No such file or directory
jonesgc@Typhon:/tmp/test$
jonesgc@Typhon:/tmp/test$
jonesgc@Typhon:/tmp/test$ echo "I know how to use ftp server, I don't have one setup right now though."
I know how to use ftp server, I don't have one setup right now though.
jonesgc@Typhon:/tmp/test$
jonesgc@Typhon:/tmp/test$
jonesgc@Typhon:/tmp/test$
jonesgc@Typhon:/tmp/test$ chmod +x file1
chmod: cannot access 'file1': No such file or directory
jonesgc@Typhon:/tmp/test$
jonesgc@Typhon:/tmp/test$ ls
file2  file3  file4  testing
jonesgc@Typhon:/tmp/test$ chmod +x file2
jonesgc@Typhon:/tmp/test$ ls
file2  file3  file4  testing
jonesgc@Typhon:/tmp/test$ echo 'file is now executable'
file is now executable
jonesgc@Typhon:/tmp/test$ ps
    PID TTY          TIME CMD
  27244 pts/2    00:00:00 bash
  27332 pts/2    00:00:00 ps
jonesgc@Typhon:/tmp/test$
jonesgc@Typhon:/tmp/test$ jobs
jonesgc@Typhon:/tmp/test$
jonesgc@Typhon:/tmp/test$ kill %1
-bash: kill: %1: no such job
jonesgc@Typhon:/tmp/test$
jonesgc@Typhon:/tmp/test$
jonesgc@Typhon:/tmp/test$ echo "no jobs to kill."
no jobs to kill.
jonesgc@Typhon:/tmp/test$ sleep 100
^C
jonesgc@Typhon:/tmp/test$ ^C
jonesgc@Typhon:/tmp/test$ sleep 100 &
[1] 27335
jonesgc@Typhon:/tmp/test$ jobs
[1]+  Running                 sleep 100 &
jonesgc@Typhon:/tmp/test$
jonesgc@Typhon:/tmp/test$ kill %1
jonesgc@Typhon:/tmp/test$ jobs
[1]+  Terminated              sleep 100
jonesgc@Typhon:/tmp/test$
jonesgc@Typhon:/tmp/test$ date
Mon Mar 28 02:48:30 PM CDT 2022
jonesgc@Typhon:/tmp/test$ ls
file2  file3  file4  testing
jonesgc@Typhon:/tmp/test$ diff file3 file4
0a1,74
> total 292
> drwxrwxrwt 69 root    root    4096 Mar 28 14:35 .
> drwxr-xr-x 21 root    root    4096 Mar 27 01:11 ..
> drwxr-x---  2 root    root    4096 Mar 28 07:00 2H0N04m7
> drwxr-x---  2 root    root    4096 Mar 28 08:00 2vgM8RQk
> drwxr-x---  2 root    root    4096 Mar 27 08:00 35xqmR3E
> drwxr-x---  2 root    root    4096 Mar 27 10:00 56tJK3sK
> drwxr-x---  2 root    root    4096 Mar 28 11:00 8WxxwwRT
> drwxr-x---  2 root    root    4096 Mar 28 02:00 9cIV3GaA
> drwxr-x---  2 root    root    4096 Mar 28 10:00 a6QJpDuk
> drwxr-x---  2 root    root    4096 Mar 27 23:00 AJWSajQG
> drwxr-x---  2 root    root    4096 Mar 27 21:00 C5DL5UD6
> drwxr-x---  2 root    root    4096 Mar 27 16:00 cDzavfQb
> drwxr-x---  2 root    root    4096 Mar 27 04:00 DvybGZFE
> drwxrwxrwt  2 root    root    4096 Mar 27 00:07 .font-unix
> drwxr-x---  2 root    root    4096 Mar 28 00:00 fT7TpyeI
> drwxrwxrwt  2 root    root    4096 Mar 27 00:21 .ICE-unix
> drwxr-x---  2 root    root    4096 Mar 27 15:00 j6Q2LHNQ
> drwxr-x---  2 root    root    4096 Mar 28 01:00 jfxYBMN8
> drwxr-x---  2 root    root    4096 Mar 27 22:00 K8WPgRDY
> drwxr-x---  2 root    root    4096 Mar 27 11:00 kDQWV6Bb
> drwxr-x---  2 root    root    4096 Mar 28 12:00 kDSiGH3x
> drwxr-x---  2 root    root    4096 Mar 27 19:00 M7jEou2u
> drwxr-x---  2 root    root    4096 Mar 27 13:00 N87Qmqfc
> drwxr-x---  2 root    root    4096 Mar 27 18:00 Nq8o5chw
> drwx------  2 jonesgc jonesgc 4096 Mar 27 00:53 nvimwPkzUp
> drwxr-x---  2 root    root    4096 Mar 27 06:00 NZFaMDw8
> drwxr-x---  2 root    root    4096 Mar 27 02:00 pLw5HZL8
> drwxr-x---  2 root    root    4096 Mar 28 06:00 PNEzp9fl
> drwx------  2 root    root    4096 Mar 27 01:09 pulse-PKdhtXMmr18n
> drwxr-x---  2 root    root    4096 Mar 27 14:00 qRRxzebX
> drwx------  3 root    root    4096 Mar 27 00:27 snap.chromium
> drwx------  3 root    root    4096 Mar 27 00:21 snap.discord
> drwx------  3 root    root    4096 Mar 27 00:07 snap.firefox
> drwx------  3 root    root    4096 Mar 27 00:21 snap.gimp
> drwx------  3 root    root    4096 Mar 27 00:08 snap.snapd-desktop-integration
> drwx------  3 root    root    4096 Mar 27 00:08 snap.snap-store
> drwxr-x---  2 root    root    4096 Mar 27 20:00 sY9p7gV9
> drwx------  3 root    root    4096 Mar 27 00:07 systemd-private-402c133cd7374ff8809b1a8a78e7acd8-bluetooth.service-xYbdgh
> drwx------  3 root    root    4096 Mar 27 00:08 systemd-private-402c133cd7374ff8809b1a8a78e7acd8-colord.service-duTBDb
> drwx------  3 root    root    4096 Mar 27 00:07 systemd-private-402c133cd7374ff8809b1a8a78e7acd8-geoclue.service-IzbY5z
> drwx------  3 root    root    4096 Mar 27 00:07 systemd-private-402c133cd7374ff8809b1a8a78e7acd8-ModemManager.service-JU8cjH
> drwx------  3 root    root    4096 Mar 27 00:07 systemd-private-402c133cd7374ff8809b1a8a78e7acd8-power-profiles-daemon.service-DIMPwo
> drwx------  3 root    root    4096 Mar 27 00:07 systemd-private-402c133cd7374ff8809b1a8a78e7acd8-switcheroo-control.service-rMfOfq
> drwx------  3 root    root    4096 Mar 27 00:07 systemd-private-402c133cd7374ff8809b1a8a78e7acd8-systemd-logind.service-eHKA4j
> drwx------  3 root    root    4096 Mar 27 00:07 systemd-private-402c133cd7374ff8809b1a8a78e7acd8-systemd-oomd.service-NgOm1o
> drwx------  3 root    root    4096 Mar 27 00:07 systemd-private-402c133cd7374ff8809b1a8a78e7acd8-systemd-resolved.service-L9SgHz
> drwx------  3 root    root    4096 Mar 27 00:07 systemd-private-402c133cd7374ff8809b1a8a78e7acd8-systemd-timesyncd.service-KeR8OG
> drwx------  3 root    root    4096 Mar 27 00:09 systemd-private-402c133cd7374ff8809b1a8a78e7acd8-ubuntu-advantage-desktop-daemon.service-cVUiBK
> drwx------  3 root    root    4096 Mar 27 00:07 systemd-private-402c133cd7374ff8809b1a8a78e7acd8-upower.service-a5jO5F
> drwxrwxr-x  3 jonesgc jonesgc 4096 Mar 28 14:37 test
> drwxrwxrwt  2 root    root    4096 Mar 27 00:07 .Test-unix
> drwx------  2 root    root    4096 Mar 27 00:09 tmpoytda90r
> drwx------  2 jonesgc jonesgc 4096 Mar 27 01:08 tracker-extract-3-files.1000
> drwx------  2 gdm     gdm     4096 Mar 27 00:21 tracker-extract-3-files.127
> drwxr-x---  7 root    root    4096 Mar 27 01:27 TYPOceKf
> drwxr-x---  2 root    root    4096 Mar 27 12:00 uGAGfOUc
> drwxr-x---  2 root    root    4096 Mar 28 09:00 usr0JXl8
> drwxr-x---  2 root    root    4096 Mar 27 17:00 utCNGN17
> drwxr-x---  2 root    root    4096 Mar 27 09:00 v8TETkWX
> drwxr-x---  2 root    root    4096 Mar 28 05:00 vfSZKG5E
> drwxr-x---  2 root    root    4096 Mar 27 07:00 VtfAOuSl
> drwxr-x---  2 root    root    4096 Mar 28 03:00 WByQYYke
> drwxr-x---  2 root    root    4096 Mar 28 04:00 wgwW2f32
> -r--r--r--  1 jonesgc jonesgc   11 Mar 27 00:08 .X0-lock
> -r--r--r--  1 gdm     gdm       11 Mar 27 00:21 .X1024-lock
> -r--r--r--  1 gdm     gdm       11 Mar 27 00:21 .X1025-lock
> drwxrwxrwt  2 root    root    4096 Mar 27 00:21 .X11-unix
> -r--r--r--  1 jonesgc jonesgc   11 Mar 27 00:08 .X1-lock
> drwxr-x---  2 root    root    4096 Mar 27 05:00 xcbyStK6
> drwxrwxrwt  2 root    root    4096 Mar 27 00:07 .XIM-unix
> drwxr-x---  2 root    root    4096 Mar 28 13:00 YIp9uVpB
> drwxr-x---  2 root    root    4096 Mar 27 03:00 yOaW1BsK
> drwxr-x---  2 root    root    4096 Mar 28 14:00 ZgZBhG5n
jonesgc@Typhon:/tmp/test$
jonesgc@Typhon:/tmp/test$
jonesgc@Typhon:/tmp/test$
jonesgc@Typhon:/tmp/test$
jonesgc@Typhon:/tmp/test$
jonesgc@Typhon:/tmp/test$ ls
file2  file3  file4  testing
jonesgc@Typhon:/tmp/test$ cat file2 file3
Hello world
jonesgc@Typhon:/tmp/test$ echo "Hello world" > file2
jonesgc@Typhon:/tmp/test$ echo "Hello world" > file3
jonesgc@Typhon:/tmp/test$ diff file2 file3
jonesgc@Typhon:/tmp/test$ cat file2 file3
Hello world
Hello world
jonesgc@Typhon:/tmp/test$ echo "Hello world3" > file3
jonesgc@Typhon:/tmp/test$ diff file2 file3
1c1
< Hello world
---
> Hello world3
jonesgc@Typhon:/tmp/test$ file
Usage: file [-bcCdEhikLlNnprsSvzZ0] [--apple] [--extension] [--mime-encoding]
            [--mime-type] [-e <testname>] [-F <separator>]  [-f <namefile>]
            [-m <magicfiles>] [-P <parameter=value>] [--exclude-quiet]
            <file> ...
       file -C [-m <magicfiles>]
       file [--help]
jonesgc@Typhon:/tmp/test$ file file2
file2: ASCII text
jonesgc@Typhon:/tmp/test$ wc -l file2
1 file2
jonesgc@Typhon:/tmp/test$ man ls
jonesgc@Typhon:/tmp/test$ man ls | cat
LS(1)                                        User Commands                                        LS(1)

NAME
       ls - list directory contents

SYNOPSIS
       ls [OPTION]... [FILE]...

DESCRIPTION
       List  information  about  the FILEs (the current directory by default).  Sort entries alphabeti‐
       cally if none of -cftuvSUX nor --sort is specified.

       Mandatory arguments to long options are mandatory for short options too.

       -a, --all
              do not ignore entries starting with .

       -A, --almost-all
              do not list implied . and ..

       --author
              with -l, print the author of each file

       -b, --escape
              print C-style escapes for nongraphic characters

       --block-size=SIZE
              with -l, scale sizes by SIZE when printing them; e.g., '--block-size=M'; see SIZE  format
              below

       -B, --ignore-backups
              do not list implied entries ending with ~

       -c     with  -lt:  sort  by,  and show, ctime (time of last modification of file status informa‐
              tion); with -l: show ctime and sort by name; otherwise: sort by ctime, newest first

       -C     list entries by columns

       --color[=WHEN]
              colorize the output; WHEN can be 'always' (default if omitted), 'auto', or 'never';  more
              info below

       -d, --directory
              list directories themselves, not their contents

       -D, --dired
              generate output designed for Emacs' dired mode

       -f     do not sort, enable -aU, disable -ls --color

       -F, --classify
              append indicator (one of */=>@|) to entries

       --file-type
              likewise, except do not append '*'

       --format=WORD
              across -x, commas -m, horizontal -x, long -l, single-column -1, verbose -l, vertical -C

       --full-time
              like -l --time-style=full-iso

       -g     like -l, but do not list owner

       --group-directories-first
              group directories before files;

              can be augmented with a --sort option, but any use of --sort=none (-U) disables grouping

       -G, --no-group
              in a long listing, don't print group names

       -h, --human-readable
              with -l and -s, print sizes like 1K 234M 2G etc.

       --si   likewise, but use powers of 1000 not 1024

       -H, --dereference-command-line
              follow symbolic links listed on the command line

       --dereference-command-line-symlink-to-dir
              follow each command line symbolic link

              that points to a directory

       --hide=PATTERN
              do not list implied entries matching shell PATTERN (overridden by -a or -A)

       --hyperlink[=WHEN]
              hyperlink file names; WHEN can be 'always' (default if omitted), 'auto', or 'never'

       --indicator-style=WORD
              append  indicator  with  style WORD to entry names: none (default), slash (-p), file-type
              (--file-type), classify (-F)

       -i, --inode
              print the index number of each file

       -I, --ignore=PATTERN
              do not list implied entries matching shell PATTERN

       -k, --kibibytes
              default to 1024-byte blocks for disk usage; used only with -s and per directory totals

       -l     use a long listing format

       -L, --dereference
              when showing file information for a symbolic link, show information for the file the link
              references rather than for the link itself

       -m     fill width with a comma separated list of entries

       -n, --numeric-uid-gid
              like -l, but list numeric user and group IDs

       -N, --literal
              print entry names without quoting

       -o     like -l, but do not list group information

       -p, --indicator-style=slash
              append / indicator to directories

       -q, --hide-control-chars
              print ? instead of nongraphic characters

       --show-control-chars
              show  nongraphic  characters  as-is  (the default, unless program is 'ls' and output is a
              terminal)

       -Q, --quote-name
              enclose entry names in double quotes

       --quoting-style=WORD
              use quoting style WORD for entry names: literal, locale, shell,  shell-always,  shell-es‐
              cape, shell-escape-always, c, escape (overrides QUOTING_STYLE environment variable)

       -r, --reverse
              reverse order while sorting

       -R, --recursive
              list subdirectories recursively

       -s, --size
              print the allocated size of each file, in blocks

       -S     sort by file size, largest first

       --sort=WORD
              sort  by  WORD  instead of name: none (-U), size (-S), time (-t), version (-v), extension
              (-X)

       --time=WORD
              change the default of using modification times; access time  (-u):  atime,  access,  use;
              change time (-c): ctime, status; birth time: birth, creation;

              with  -l,  WORD  determines  which  time  to show; with --sort=time, sort by WORD (newest
              first)

       --time-style=TIME_STYLE
              time/date format with -l; see TIME_STYLE below

       -t     sort by time, newest first; see --time

       -T, --tabsize=COLS
              assume tab stops at each COLS instead of 8

       -u     with -lt: sort by, and show, access time; with -l: show access time  and  sort  by  name;
              otherwise: sort by access time, newest first

       -U     do not sort; list entries in directory order

       -v     natural sort of (version) numbers within text

       -w, --width=COLS
              set output width to COLS.  0 means no limit

       -x     list entries by lines instead of by columns

       -X     sort alphabetically by entry extension

       -Z, --context
              print any security context of each file

       -1     list one file per line.  Avoid '\n' with -q or -b

       --help display this help and exit

       --version
              output version information and exit

       The  SIZE  argument  is  an  integer  and  optional  unit  (example: 10K is 10*1024).  Units are
       K,M,G,T,P,E,Z,Y (powers of 1024) or KB,MB,... (powers of 1000).  Binary prefixes  can  be  used,
       too: KiB=K, MiB=M, and so on.

       The  TIME_STYLE  argument  can be full-iso, long-iso, iso, locale, or +FORMAT.  FORMAT is inter‐
       preted like in date(1).  If FORMAT is FORMAT1<newline>FORMAT2, then FORMAT1 applies  to  non-re‐
       cent  files  and  FORMAT2  to recent files.  TIME_STYLE prefixed with 'posix-' takes effect only
       outside the POSIX locale.  Also the TIME_STYLE environment variable sets the  default  style  to
       use.

       Using  color to distinguish file types is disabled both by default and with --color=never.  With
       --color=auto, ls emits color codes only when standard output is connected to  a  terminal.   The
       LS_COLORS environment variable can change the settings.  Use the dircolors command to set it.

   Exit status:
       0      if OK,

       1      if minor problems (e.g., cannot access subdirectory),

       2      if serious trouble (e.g., cannot access command-line argument).

AUTHOR
       Written by Richard M. Stallman and David MacKenzie.

REPORTING BUGS
       GNU coreutils online help: <https://www.gnu.org/software/coreutils/>
       Report any translation bugs to <https://translationproject.org/team/>

COPYRIGHT
       Copyright  ©  2020  Free  Software  Foundation, Inc.  License GPLv3+: GNU GPL version 3 or later
       <https://gnu.org/licenses/gpl.html>.
       This is free software: you are free to change and redistribute it.  There is NO WARRANTY, to the
       extent permitted by law.

SEE ALSO
       Full documentation <https://www.gnu.org/software/coreutils/ls>
       or available locally via: info '(coreutils) ls invocation'

GNU coreutils 8.32                           February 2022                                        LS(1)
jonesgc@Typhon:/tmp/test$
jonesgc@Typhon:/tmp/test$
jonesgc@Typhon:/tmp/test$
jonesgc@Typhon:/tmp/test$
jonesgc@Typhon:/tmp/test$ cat --help
Usage: cat [OPTION]... [FILE]...
Concatenate FILE(s) to standard output.

With no FILE, or when FILE is -, read standard input.

  -A, --show-all           equivalent to -vET
  -b, --number-nonblank    number nonempty output lines, overrides -n
  -e                       equivalent to -vE
  -E, --show-ends          display $ at end of each line
  -n, --number             number all output lines
  -s, --squeeze-blank      suppress repeated empty output lines
  -t                       equivalent to -vT
  -T, --show-tabs          display TAB characters as ^I
  -u                       (ignored)
  -v, --show-nonprinting   use ^ and M- notation, except for LFD and TAB
      --help     display this help and exit
      --version  output version information and exit

Examples:
  cat f - g  Output f's contents, then standard input, then g's contents.
  cat        Copy standard input to standard output.

GNU coreutils online help: <https://www.gnu.org/software/coreutils/>
Full documentation <https://www.gnu.org/software/coreutils/cat>
or available locally via: info '(coreutils) cat invocation'
jonesgc@Typhon:/tmp/test$
jonesgc@Typhon:/tmp/test$
jonesgc@Typhon:/tmp/test$ cat file4 | more
total 292
drwxrwxrwt 69 root    root    4096 Mar 28 14:35 .
drwxr-xr-x 21 root    root    4096 Mar 27 01:11 ..
drwxr-x---  2 root    root    4096 Mar 28 07:00 2H0N04m7
drwxr-x---  2 root    root    4096 Mar 28 08:00 2vgM8RQk
drwxr-x---  2 root    root    4096 Mar 27 08:00 35xqmR3E
drwxr-x---  2 root    root    4096 Mar 27 10:00 56tJK3sK
drwxr-x---  2 root    root    4096 Mar 28 11:00 8WxxwwRT
drwxr-x---  2 root    root    4096 Mar 28 02:00 9cIV3GaA
drwxr-x---  2 root    root    4096 Mar 28 10:00 a6QJpDuk
drwxr-x---  2 root    root    4096 Mar 27 23:00 AJWSajQG
drwxr-x---  2 root    root    4096 Mar 27 21:00 C5DL5UD6
drwxr-x---  2 root    root    4096 Mar 27 16:00 cDzavfQb
drwxr-x---  2 root    root    4096 Mar 27 04:00 DvybGZFE
drwxrwxrwt  2 root    root    4096 Mar 27 00:07 .font-unix
drwxr-x---  2 root    root    4096 Mar 28 00:00 fT7TpyeI
drwxrwxrwt  2 root    root    4096 Mar 27 00:21 .ICE-unix
drwxr-x---  2 root    root    4096 Mar 27 15:00 j6Q2LHNQ
drwxr-x---  2 root    root    4096 Mar 28 01:00 jfxYBMN8
drwxr-x---  2 root    root    4096 Mar 27 22:00 K8WPgRDY
drwxr-x---  2 root    root    4096 Mar 27 11:00 kDQWV6Bb
drwxr-x---  2 root    root    4096 Mar 28 12:00 kDSiGH3x
drwxr-x---  2 root    root    4096 Mar 27 19:00 M7jEou2u
drwxr-x---  2 root    root    4096 Mar 27 13:00 N87Qmqfc
drwxr-x---  2 root    root    4096 Mar 27 18:00 Nq8o5chw
drwx------  2 jonesgc jonesgc 4096 Mar 27 00:53 nvimwPkzUp
drwxr-x---  2 root    root    4096 Mar 27 06:00 NZFaMDw8
drwxr-x---  2 root    root    4096 Mar 27 02:00 pLw5HZL8
drwxr-x---  2 root    root    4096 Mar 28 06:00 PNEzp9fl
drwx------  2 root    root    4096 Mar 27 01:09 pulse-PKdhtXMmr18n
drwxr-x---  2 root    root    4096 Mar 27 14:00 qRRxzebX
drwx------  3 root    root    4096 Mar 27 00:27 snap.chromium
drwx------  3 root    root    4096 Mar 27 00:21 snap.discord
drwx------  3 root    root    4096 Mar 27 00:07 snap.firefox
drwx------  3 root    root    4096 Mar 27 00:21 snap.gimp
drwx------  3 root    root    4096 Mar 27 00:08 snap.snapd-desktop-integration
drwx------  3 root    root    4096 Mar 27 00:08 snap.snap-store
drwxr-x---  2 root    root    4096 Mar 27 20:00 sY9p7gV9
drwx------  3 root    root    4096 Mar 27 00:07 systemd-private-402c133cd7374ff8809b1a8a78e7acd8-bluetooth
.service-xYbdgh
drwx------  3 root    root    4096 Mar 27 00:08 systemd-private-402c133cd7374ff8809b1a8a78e7acd8-colord.se
rvice-duTBDb
drwx------  3 root    root    4096 Mar 27 00:07 systemd-private-402c133cd7374ff8809b1a8a78e7acd8-geoclue.s
ervice-IzbY5z
drwx------  3 root    root    4096 Mar 27 00:07 systemd-private-402c133cd7374ff8809b1a8a78e7acd8-ModemMana
ger.service-JU8cjH
drwx------  3 root    root    4096 Mar 27 00:07 systemd-private-402c133cd7374ff8809b1a8a78e7acd8-power-pro
files-daemon.service-DIMPwo
drwx------  3 root    root    4096 Mar 27 00:07 systemd-private-402c133cd7374ff8809b1a8a78e7acd8-switchero
o-control.service-rMfOfq
drwx------  3 root    root    4096 Mar 27 00:07 systemd-private-402c133cd7374ff8809b1a8a78e7acd8-systemd-l
ogind.service-eHKA4j
drwx------  3 root    root    4096 Mar 27 00:07 systemd-private-402c133cd7374ff8809b1a8a78e7acd8-systemd-o
omd.service-NgOm1o
drwx------  3 root    root    4096 Mar 27 00:07 systemd-private-402c133cd7374ff8809b1a8a78e7acd8-systemd-r
esolved.service-L9SgHz
drwx------  3 root    root    4096 Mar 27 00:07 systemd-private-402c133cd7374ff8809b1a8a78e7acd8-systemd-t
imesyncd.service-KeR8OG
drwx------  3 root    root    4096 Mar 27 00:09 systemd-private-402c133cd7374ff8809b1a8a78e7acd8-ubuntu-ad
vantage-desktop-daemon.service-cVUiBK
drwx------  3 root    root    4096 Mar 27 00:07 systemd-private-402c133cd7374ff8809b1a8a78e7acd8-upower.se
rvice-a5jO5F
drwxrwxr-x  3 jonesgc jonesgc 4096 Mar 28 14:37 test
drwxrwxrwt  2 root    root    4096 Mar 27 00:07 .Test-unix
drwx------  2 root    root    4096 Mar 27 00:09 tmpoytda90r
drwx------  2 jonesgc jonesgc 4096 Mar 27 01:08 tracker-extract-3-files.1000
drwx------  2 gdm     gdm     4096 Mar 27 00:21 tracker-extract-3-files.127
drwxr-x---  7 root    root    4096 Mar 27 01:27 TYPOceKf
drwxr-x---  2 root    root    4096 Mar 27 12:00 uGAGfOUc
drwxr-x---  2 root    root    4096 Mar 28 09:00 usr0JXl8
drwxr-x---  2 root    root    4096 Mar 27 17:00 utCNGN17
drwxr-x---  2 root    root    4096 Mar 27 09:00 v8TETkWX
drwxr-x---  2 root    root    4096 Mar 28 05:00 vfSZKG5E
drwxr-x---  2 root    root    4096 Mar 27 07:00 VtfAOuSl
drwxr-x---  2 root    root    4096 Mar 28 03:00 WByQYYke
drwxr-x---  2 root    root    4096 Mar 28 04:00 wgwW2f32
-r--r--r--  1 jonesgc jonesgc   11 Mar 27 00:08 .X0-lock
-r--r--r--  1 gdm     gdm       11 Mar 27 00:21 .X1024-lock
-r--r--r--  1 gdm     gdm       11 Mar 27 00:21 .X1025-lock
drwxrwxrwt  2 root    root    4096 Mar 27 00:21 .X11-unix
-r--r--r--  1 jonesgc jonesgc   11 Mar 27 00:08 .X1-lock
drwxr-x---  2 root    root    4096 Mar 27 05:00 xcbyStK6
drwxrwxrwt  2 root    root    4096 Mar 27 00:07 .XIM-unix
drwxr-x---  2 root    root    4096 Mar 28 13:00 YIp9uVpB
drwxr-x---  2 root    root    4096 Mar 27 03:00 yOaW1BsK
drwxr-x---  2 root    root    4096 Mar 28 14:00 ZgZBhG5n
jonesgc@Typhon:/tmp/test$
jonesgc@Typhon:/tmp/test$ cat file4 | less
jonesgc@Typhon:/tmp/test$
jonesgc@Typhon:/tmp/test$
jonesgc@Typhon:/tmp/test$ vim file4
Command 'vim' not found, but can be installed with:
sudo apt install vim         # version 2:8.2.3995-1ubuntu1, or
sudo apt install vim-tiny    # version 2:8.2.3995-1ubuntu1
sudo apt install neovim      # version 0.6.1-3
sudo apt install vim-athena  # version 2:8.2.3995-1ubuntu1
sudo apt install vim-gtk3    # version 2:8.2.3995-1ubuntu1
sudo apt install vim-nox     # version 2:8.2.3995-1ubuntu1
jonesgc@Typhon:/tmp/test$
jonesgc@Typhon:/tmp/test$ ls -la | sort
drwxrwxrwt 69 root    root    4096 Mar 28 14:35 ..
drwxrwxr-x  3 jonesgc jonesgc 4096 Mar 28 14:36 testing
drwxrwxr-x  3 jonesgc jonesgc 4096 Mar 28 14:37 .
-rw-rw-r--  1 jonesgc jonesgc   13 Mar 28 14:49 file3
-rw-rw-r--  1 jonesgc jonesgc 5105 Mar 28 14:44 file4
-rwxrwxr-x  1 jonesgc jonesgc   12 Mar 28 14:49 file2
total 28
jonesgc@Typhon:/tmp/test$ ls
file2  file3  file4  testing
jonesgc@Typhon:/tmp/test$ ls | sort
file2
file3
file4
testing
jonesgc@Typhon:/tmp/test$
jonesgc@Typhon:/tmp/test$ ls
file2  file3  file4  testing
jonesgc@Typhon:/tmp/test$ chown --help
Usage: chown [OPTION]... [OWNER][:[GROUP]] FILE...
  or:  chown [OPTION]... --reference=RFILE FILE...
Change the owner and/or group of each FILE to OWNER and/or GROUP.
With --reference, change the owner and group of each FILE to those of RFILE.

  -c, --changes          like verbose but report only when a change is made
  -f, --silent, --quiet  suppress most error messages
  -v, --verbose          output a diagnostic for every file processed
      --dereference      affect the referent of each symbolic link (this is
                         the default), rather than the symbolic link itself
  -h, --no-dereference   affect symbolic links instead of any referenced file
                         (useful only on systems that can change the
                         ownership of a symlink)
      --from=CURRENT_OWNER:CURRENT_GROUP
                         change the owner and/or group of each file only if
                         its current owner and/or group match those specified
                         here.  Either may be omitted, in which case a match
                         is not required for the omitted attribute
      --no-preserve-root  do not treat '/' specially (the default)
      --preserve-root    fail to operate recursively on '/'
      --reference=RFILE  use RFILE's owner and group rather than
                         specifying OWNER:GROUP values
  -R, --recursive        operate on files and directories recursively

The following options modify how a hierarchy is traversed when the -R
option is also specified.  If more than one is specified, only the final
one takes effect.

  -H                     if a command line argument is a symbolic link
                         to a directory, traverse it
  -L                     traverse every symbolic link to a directory
                         encountered
  -P                     do not traverse any symbolic links (default)

      --help     display this help and exit
      --version  output version information and exit

Owner is unchanged if missing.  Group is unchanged if missing, but changed
to login group if implied by a ':' following a symbolic OWNER.
OWNER and GROUP may be numeric as well as symbolic.

Examples:
  chown root /u        Change the owner of /u to "root".
  chown root:staff /u  Likewise, but also change its group to "staff".
  chown -hR root /u    Change the owner of /u and subfiles to "root".

GNU coreutils online help: <https://www.gnu.org/software/coreutils/>
Full documentation <https://www.gnu.org/software/coreutils/chown>
or available locally via: info '(coreutils) chown invocation'
jonesgc@Typhon:/tmp/test$
jonesgc@Typhon:/tmp/test$
jonesgc@Typhon:/tmp/test$ touch
file2    file3    file4    testing/
jonesgc@Typhon:/tmp/test$ touch testing/ownedfile.txt
jonesgc@Typhon:/tmp/test$ chown root /u testing/ownedfile.txt
chown: cannot access '/u': No such file or directory
chown: changing ownership of 'testing/ownedfile.txt': Operation not permitted
jonesgc@Typhon:/tmp/test$ sudo !chown
sudo chown root /u testing/ownedfile.txt
[sudo] password for jonesgc:
chown: cannot access '/u': No such file or directory
jonesgc@Typhon:/tmp/test$ sudo chown root testing/
find/          ownedfile.txt
jonesgc@Typhon:/tmp/test$ sudo chown root testing/ownedfile.txt
jonesgc@Typhon:/tmp/test$
jonesgc@Typhon:/tmp/test$ who
jonesgc  tty2         2022-03-27 00:08 (tty2)
jonesgc  pts/2        2022-03-28 14:33 (192.168.1.80)
jonesgc@Typhon:/tmp/test$ du
4       ./testing/find
8       ./testing
28      .
jonesgc@Typhon:/tmp/test$ du -h
4.0K    ./testing/find
8.0K    ./testing
28K     .
jonesgc@Typhon:/tmp/test$ du --help
Usage: du [OPTION]... [FILE]...
  or:  du [OPTION]... --files0-from=F
Summarize disk usage of the set of FILEs, recursively for directories.

Mandatory arguments to long options are mandatory for short options too.
  -0, --null            end each output line with NUL, not newline
  -a, --all             write counts for all files, not just directories
      --apparent-size   print apparent sizes, rather than disk usage; although
                          the apparent size is usually smaller, it may be
                          larger due to holes in ('sparse') files, internal
                          fragmentation, indirect blocks, and the like
  -B, --block-size=SIZE  scale sizes by SIZE before printing them; e.g.,
                           '-BM' prints sizes in units of 1,048,576 bytes;
                           see SIZE format below
  -b, --bytes           equivalent to '--apparent-size --block-size=1'
  -c, --total           produce a grand total
  -D, --dereference-args  dereference only symlinks that are listed on the
                          command line
  -d, --max-depth=N     print the total for a directory (or file, with --all)
                          only if it is N or fewer levels below the command
                          line argument;  --max-depth=0 is the same as
                          --summarize
      --files0-from=F   summarize disk usage of the
                          NUL-terminated file names specified in file F;
                          if F is -, then read names from standard input
  -H                    equivalent to --dereference-args (-D)
  -h, --human-readable  print sizes in human readable format (e.g., 1K 234M 2G)
      --inodes          list inode usage information instead of block usage
  -k                    like --block-size=1K
  -L, --dereference     dereference all symbolic links
  -l, --count-links     count sizes many times if hard linked
  -m                    like --block-size=1M
  -P, --no-dereference  don't follow any symbolic links (this is the default)
  -S, --separate-dirs   for directories do not include size of subdirectories
      --si              like -h, but use powers of 1000 not 1024
  -s, --summarize       display only a total for each argument
  -t, --threshold=SIZE  exclude entries smaller than SIZE if positive,
                          or entries greater than SIZE if negative
      --time            show time of the last modification of any file in the
                          directory, or any of its subdirectories
      --time=WORD       show time as WORD instead of modification time:
                          atime, access, use, ctime or status
      --time-style=STYLE  show times using STYLE, which can be:
                            full-iso, long-iso, iso, or +FORMAT;
                            FORMAT is interpreted like in 'date'
  -X, --exclude-from=FILE  exclude files that match any pattern in FILE
      --exclude=PATTERN    exclude files that match PATTERN
  -x, --one-file-system    skip directories on different file systems
      --help     display this help and exit
      --version  output version information and exit

Display values are in units of the first available SIZE from --block-size,
and the DU_BLOCK_SIZE, BLOCK_SIZE and BLOCKSIZE environment variables.
Otherwise, units default to 1024 bytes (or 512 if POSIXLY_CORRECT is set).

The SIZE argument is an integer and optional unit (example: 10K is 10*1024).
Units are K,M,G,T,P,E,Z,Y (powers of 1024) or KB,MB,... (powers of 1000).
Binary prefixes can be used, too: KiB=K, MiB=M, and so on.

GNU coreutils online help: <https://www.gnu.org/software/coreutils/>
Full documentation <https://www.gnu.org/software/coreutils/du>
or available locally via: info '(coreutils) du invocation'
jonesgc@Typhon:/tmp/test$
jonesgc@Typhon:/tmp/test$
jonesgc@Typhon:/tmp/test$ curl cheat.sh/useradd
# useradd
# Create a new user.

# Create new user:
useradd name

# Create new user with a default home directory:
useradd --create-home name

# Create new user with specified shell:
useradd --shell path/to/shell name

# Create new user belonging to additional groups (mind the lack of whitespace):
useradd --groups group1,group2 name

# Create new system user without a home directory:
useradd --no-create-home --system name
jonesgc@Typhon:/tmp/test$
jonesgc@Typhon:/tmp/test$
jonesgc@Typhon:/tmp/test$ sudo useradd revature
jonesgc@Typhon:/tmp/test$ sudo passwd revature
New password:
Retype new password:
passwd: password updated successfully
jonesgc@Typhon:/tmp/test$
jonesgc@Typhon:/tmp/test$
jonesgc@Typhon:/tmp/test$
jonesgc@Typhon:/tmp/test$ sudo su revature
$
$
$
$ su jonesgc
Password:
jonesgc@Typhon:/tmp/test$
jonesgc@Typhon:/tmp/test$
jonesgc@Typhon:/tmp/test$ sudo userdel revature
[sudo] password for jonesgc:
userdel: user revature is currently used by process 27487
jonesgc@Typhon:/tmp/test$
jonesgc@Typhon:/tmp/test$
jonesgc@Typhon:/tmp/test$ ps
    PID TTY          TIME CMD
  27489 pts/3    00:00:00 bash
  27501 pts/3    00:00:00 ps
jonesgc@Typhon:/tmp/test$ pwd
/tmp/test
jonesgc@Typhon:/tmp/test$ who
jonesgc  tty2         2022-03-27 00:08 (tty2)
jonesgc  pts/3        2022-03-28 14:56 (192.168.1.80)
jonesgc  pts/2        2022-03-28 14:33 (192.168.1.80)
jonesgc@Typhon:/tmp/test$
jonesgc@Typhon:/tmp/test$ ls
file2  file3  file4  testing
jonesgc@Typhon:/tmp/test$
jonesgc@Typhon:/tmp/test$ sudo apt install comprez
Display all 66606 possibilities? (y or n)
jonesgc@Typhon:/tmp/test$ compress
Command 'compress' not found, but can be installed with:
sudo apt install ncompress
jonesgc@Typhon:/tmp/test$ sudo apt install ncompress
Reading package lists... Done
Building dependency tree... Done
Reading state information... Done
The following NEW packages will be installed:
  ncompress
0 upgraded, 1 newly installed, 0 to remove and 3 not upgraded.
Need to get 22.0 kB of archives.
After this operation, 58.4 kB of additional disk space will be used.
Get:1 http://us.archive.ubuntu.com/ubuntu jammy/universe amd64 ncompress amd64 4.2.4.6-5 [22.0 kB]
Fetched 22.0 kB in 0s (65.0 kB/s)
Selecting previously unselected package ncompress.
(Reading database ... 178281 files and directories currently installed.)
Preparing to unpack .../ncompress_4.2.4.6-5_amd64.deb ...
Unpacking ncompress (4.2.4.6-5) ...
Setting up ncompress (4.2.4.6-5) ...
Processing triggers for man-db (2.10.1-1) ...
jonesgc@Typhon:/tmp/test$
jonesgc@Typhon:/tmp/test$
jonesgc@Typhon:/tmp/test$ date
Mon Mar 28 02:58:42 PM CDT 2022
jonesgc@Typhon:/tmp/test$
jonesgc@Typhon:/tmp/test$
jonesgc@Typhon:/tmp/test$ compress file4
jonesgc@Typhon:/tmp/test$ ls
file2  file3  file4.Z  testing
jonesgc@Typhon:/tmp/test$ vim file4.Z
Command 'vim' not found, but can be installed with:
sudo apt install vim         # version 2:8.2.3995-1ubuntu1, or
sudo apt install vim-tiny    # version 2:8.2.3995-1ubuntu1
sudo apt install neovim      # version 0.6.1-3
sudo apt install vim-athena  # version 2:8.2.3995-1ubuntu1
sudo apt install vim-gtk3    # version 2:8.2.3995-1ubuntu1
sudo apt install vim-nox     # version 2:8.2.3995-1ubuntu1
jonesgc@Typhon:/tmp/test$
jonesgc@Typhon:/tmp/test$
jonesgc@Typhon:/tmp/test$ vi file4.Z
jonesgc@Typhon:/tmp/test$ du -h
4.0K    ./testing/find
8.0K    ./testing
24K     .
jonesgc@Typhon:/tmp/test$ echo "4kilobytes were saved by compressing."
4kilobytes were saved by compressing.
jonesgc@Typhon:/tmp/test$
jonesgc@Typhon:/tmp/test$ mkdir scripts
jonesgc@Typhon:/tmp/test$ cd scripts/
jonesgc@Typhon:/tmp/test/scripts$ ls
jonesgc@Typhon:/tmp/test/scripts$ sudo apt install vim
Reading package lists... Done
Building dependency tree... Done
Reading state information... Done
The following additional packages will be installed:
  vim-runtime
Suggested packages:
  ctags vim-doc vim-scripts
The following NEW packages will be installed:
  vim vim-runtime
0 upgraded, 2 newly installed, 0 to remove and 3 not upgraded.
Need to get 8,552 kB of archives.
After this operation, 37.6 MB of additional disk space will be used.
Do you want to continue? [Y/n] y
Get:1 http://us.archive.ubuntu.com/ubuntu jammy/main amd64 vim-runtime all 2:8.2.3995-1ubuntu1 [6,825 kB]
Get:2 http://us.archive.ubuntu.com/ubuntu jammy/main amd64 vim amd64 2:8.2.3995-1ubuntu1 [1,727 kB]
Fetched 8,552 kB in 1s (11.0 MB/s)
Selecting previously unselected package vim-runtime.
(Reading database ... 178291 files and directories currently installed.)
Preparing to unpack .../vim-runtime_2%3a8.2.3995-1ubuntu1_all.deb ...
Adding 'diversion of /usr/share/vim/vim82/doc/help.txt to /usr/share/vim/vim82/doc/help.txt.vim-tiny by vim-runtime'
Adding 'diversion of /usr/share/vim/vim82/doc/tags to /usr/share/vim/vim82/doc/tags.vim-tiny by vim-runtime'
Unpacking vim-runtime (2:8.2.3995-1ubuntu1) ...
Selecting previously unselected package vim.
Preparing to unpack .../vim_2%3a8.2.3995-1ubuntu1_amd64.deb ...
Unpacking vim (2:8.2.3995-1ubuntu1) ...
Setting up vim-runtime (2:8.2.3995-1ubuntu1) ...
Setting up vim (2:8.2.3995-1ubuntu1) ...
update-alternatives: using /usr/bin/vim.basic to provide /usr/bin/vim (vim) in auto mode
update-alternatives: using /usr/bin/vim.basic to provide /usr/bin/vimdiff (vimdiff) in auto mode
update-alternatives: using /usr/bin/vim.basic to provide /usr/bin/rvim (rvim) in auto mode
update-alternatives: using /usr/bin/vim.basic to provide /usr/bin/rview (rview) in auto mode
update-alternatives: using /usr/bin/vim.basic to provide /usr/bin/vi (vi) in auto mode
update-alternatives: using /usr/bin/vim.basic to provide /usr/bin/view (view) in auto mode
update-alternatives: using /usr/bin/vim.basic to provide /usr/bin/ex (ex) in auto mode
Processing triggers for man-db (2.10.1-1) ...
jonesgc@Typhon:/tmp/test/scripts$ vim swapnumbers.sh
jonesgc@Typhon:/tmp/test/scripts$

